 FILESYSTEM        TYPE   USAGE                                             MOUNTED ON             
 nfs:/data/shared  nfs4   ████████████████░░░░  81%  3.2T/4.0T (800G Free)  /mnt/shared            
 /dev/nvme0n1p2    ext4   █████░░░░░░░░░░░░░░░  24%  378G/1.7T (1.3T Free)  /                      
 /dev/sdb          btrfs  █████░░░░░░░░░░░░░░░  24%  120G/500G (380G Free)  /mnt/media with spaces 
