Memory
 TYPE  USAGE                                                  
 RAM   ███████████░░░░░░░░░  55%  18.5GB/33.5GB (15.0GB Free) 
 SWAP  ████████████░░░░░░░░  61%  5.6GB/9.1GB (3.6GB Free)    

Top processes by memory
 COMMAND   MEMORY  PROCESSES  % OF MEMORY 
 chrome    1.5 GB          1         4.4% 
 kthreadd  2.1 MB          1         0.0% 

CPU usage (last 300ms)
Programs       25.0%
System          5.0%
Idle           70.0%
Load (1m 5m 15m) 1.50 0.75 0.50

Top processes by CPU
 COMMAND               PID  % OF CPU  MEMORY 
 web server (worker)  4321     25.0%  1.5 GB 
 kthreadd              555      1.2%  2.1 MB 

Disk usage
 FILESYSTEM        TYPE  USAGE                                             MOUNTED ON  
 nfs:/data/shared  nfs4  ████████████████░░░░  81%  3.2T/4.0T (800G Free)  /mnt/shared 
 /dev/nvme0n1p2    ext4  █████░░░░░░░░░░░░░░░  24%  378G/1.7T (1.3T Free)  /           
